// Jest Snapshot v1, https://goo.gl/fbAQLP

exports[`Loading component should render loading page 1`] = `
<div
  className="loading-screen"
>
  <img
    alt="loadig"
    id="loading"
    src="https://tools.cisco.com/security/center/Resources/images/loader.gif"
  />
</div>
`;
